File format for imglist

Header of descriptive text
   7  {key words to identify where image means came from}
2000   ho   3   1367.70   2   1364.96   a
2001   ho   3   1319.18   2   1320.40   a
2002   ho   3    863.97   2    968.12   
2100   ho   3   1443.57   2   1517.47   
2004   ho   3   1483.55   2   1507.40   
2005   ho   3   1482.12   2   1430.67   b
2010   ho   3    971.02   2   1057.50   tr1


Each line has up to 7 fields separated by blank space (or tabs):

subject_id  scan_id  activation_num  activation_mean  control_num  control_mean  sxr

string      string   integer         float (f7.2)     integer      float (f7.2)  string


The file will be written in a fixed format with blank spaces.


The file can be written or read with any of the following combinations of non-blank fields:

2000   ho   3
2000   ho   3                           tr1
2000   ho   3             2 
2000   ho   3             2             tr1
2000   ho   3   1367.70
2000   ho   3   1367.70                 tr1
2000   ho   3   1367.70   2   1364.96
2000   ho   3   1367.70   2   1364.96   tr1

